******************************************************************************
                  TI ARM Linker PC v16.9.6                     
******************************************************************************
>> Linked Sun Aug 14 12:22:08 2022

OUTPUT FILE NAME:   <digital_clock.out>
ENTRY POINT SYMBOL: "_c_int00"  address: 00000779


MEMORY CONFIGURATION

         name            origin    length      used     unused   attr    fill
----------------------  --------  ---------  --------  --------  ----  --------
  FLASH                 00000000   00100000  00000ca4  000ff35c  R  X
  SRAM                  20000000   00040000  0000021f  0003fde1  RW X


SEGMENT ALLOCATION MAP

run origin  load origin   length   init length attrs members
----------  ----------- ---------- ----------- ----- -------
00000000    00000000    00000ca8   00000ca8    r-x
  00000000    00000000    00000208   00000208    r-- .intvecs
  00000208    00000208    000007a0   000007a0    r-x .text
  000009a8    000009a8    000002c4   000002c4    r-- .const
  00000c70    00000c70    00000038   00000038    r-- .cinit
20000000    20000000    00000220   00000000    rw-
  20000000    20000000    00000200   00000000    rw- .stack
  20000200    20000200    0000001b   00000000    rw- .data
  2000021c    2000021c    00000004   00000000    rw- .bss


SECTION ALLOCATION MAP

 output                                  attributes/
section   page    origin      length       input sections
--------  ----  ----------  ----------   ----------------
.intvecs   0    00000000    00000208     
                  00000000    00000208     tm4c129encpdt_startup_ccs.obj (.intvecs)

.text      0    00000208    000007a0     
                  00000208    00000200     driverlib.lib : sysctl.obj (.text:SysCtlClockFreqSet)
                  00000408    000000b8     digital_clock.obj (.text)
                  000004c0    0000009c     rtsv7M4_T_le_v4SPD16_eabi.lib : memcpy_t2.obj (.text)
                  0000055c    0000007a                                   : memset_t2.obj (.text)
                  000005d6    00000002                                   : mpu_init.obj (.text)
                  000005d8    00000070                                   : autoinit.obj (.text)
                  00000648    00000068     driverlib.lib : interrupt.obj (.text:IntEnable)
                  000006b0    00000068     rtsv7M4_T_le_v4SPD16_eabi.lib : copy_decompress_lzss.obj (.text:decompress:lzss)
                  00000718    00000060     driverlib.lib : timer.obj (.text:TimerConfigure)
                  00000778    00000054     rtsv7M4_T_le_v4SPD16_eabi.lib : boot.obj (.text)
                  000007cc    00000054                                   : exit.obj (.text)
                  00000820    0000004c                                   : cpy_tbl.obj (.text)
                  0000086c    00000048     driverlib.lib : sysctl.obj (.text:_SysCtlFrequencyGet)
                  000008b4    00000034                   : sysctl.obj (.text:SysCtlPeripheralEnable)
                  000008e8    00000020                   : sysctl.obj (.text:_SysCtlMemTimingGet)
                  00000908    00000018     rtsv7M4_T_le_v4SPD16_eabi.lib : args_main.obj (.text)
                  00000920    00000014                                   : _lock.obj (.text)
                  00000934    00000012     driverlib.lib : timer.obj (.text:TimerLoadSet)
                  00000946    00000010                   : interrupt.obj (.text:IntMasterEnable)
                  00000956    0000000e                   : timer.obj (.text:TimerEnable)
                  00000964    0000000e     rtsv7M4_T_le_v4SPD16_eabi.lib : copy_decompress_none.obj (.text:decompress:none)
                  00000972    0000000c     driverlib.lib : cpu.obj (.text:CPUcpsie)
                  0000097e    0000000c     rtsv7M4_T_le_v4SPD16_eabi.lib : copy_zero_init.obj (.text:decompress:ZI)
                  0000098a    0000000c     tm4c129encpdt_startup_ccs.obj (.text)
                  00000996    00000008     driverlib.lib : timer.obj (.text:TimerIntEnable)
                  0000099e    00000004                   : timer.obj (.text:TimerIntClear)
                  000009a2    00000004     rtsv7M4_T_le_v4SPD16_eabi.lib : pre_init.obj (.text)
                  000009a6    00000002                                   : startup.obj (.text)

.const     0    000009a8    000002c4     
                  000009a8    000001b0     driverlib.lib : sysctl.obj (.const:g_pppui32XTALtoVCO)
                  00000b58    00000070                   : interrupt.obj (.const)
                  00000bc8    0000006c                   : sysctl.obj (.const:g_pui32Xtals)
                  00000c34    00000030                   : sysctl.obj (.const:g_sXTALtoMEMTIM)
                  00000c64    00000008                   : sysctl.obj (.const)

.cinit     0    00000c70    00000038     
                  00000c70    00000011     (.cinit..data.load) [load image, compression = lzss]
                  00000c81    00000003     --HOLE-- [fill = 0]
                  00000c84    0000000c     (__TI_handler_table)
                  00000c90    00000008     (.cinit..bss.load) [load image, compression = zero_init]
                  00000c98    00000010     (__TI_cinit_table)

.init_array 
*          0    00000000    00000000     UNINITIALIZED

.stack     0    20000000    00000200     UNINITIALIZED
                  20000000    00000200     --HOLE--

.data      0    20000200    0000001b     UNINITIALIZED
                  20000200    0000000c     rtsv7M4_T_le_v4SPD16_eabi.lib : exit.obj (.data:$O1$$)
                  2000020c    00000008                                   : _lock.obj (.data:$O1$$)
                  20000214    00000004                                   : stkdepth_vars.obj (.data)
                  20000218    00000003     digital_clock.obj (.data)

.bss       0    2000021c    00000004     UNINITIALIZED
                  2000021c    00000004     (.common:ui32SysClock)

MODULE SUMMARY

       Module                          code   ro data   rw data
       ------                          ----   -------   -------
    .\
       tm4c129encpdt_startup_ccs.obj   12     520       0      
       digital_clock.obj               184    0         7      
    +--+-------------------------------+------+---------+---------+
       Total:                          196    520       7      
                                                               
    C:/ti/TivaWare_C_Series-2.1.4.178/driverlib/ccs/Debug/driverlib.lib
       sysctl.obj                      668    596       0      
       interrupt.obj                   120    112       0      
       timer.obj                       140    0         0      
       cpu.obj                         12     0         0      
    +--+-------------------------------+------+---------+---------+
       Total:                          940    708       0      
                                                               
    C:\ti\ccsv7\tools\compiler\ti-cgt-arm_16.9.6.LTS\lib\rtsv7M4_T_le_v4SPD16_eabi.lib
       memcpy_t2.obj                   156    0         0      
       memset_t2.obj                   122    0         0      
       autoinit.obj                    112    0         0      
       copy_decompress_lzss.obj        104    0         0      
       exit.obj                        84     0         12     
       boot.obj                        84     0         0      
       cpy_tbl.obj                     76     0         0      
       _lock.obj                       20     0         8      
       args_main.obj                   24     0         0      
       copy_decompress_none.obj        14     0         0      
       copy_zero_init.obj              12     0         0      
       pre_init.obj                    4      0         0      
       stkdepth_vars.obj               0      0         4      
       mpu_init.obj                    2      0         0      
       startup.obj                     2      0         0      
    +--+-------------------------------+------+---------+---------+
       Total:                          816    0         24     
                                                               
       Stack:                          0      0         512    
       Linker Generated:               0      53        0      
    +--+-------------------------------+------+---------+---------+
       Grand Total:                    1952   1281      543    


LINKER GENERATED COPY TABLES

__TI_cinit_table @ 00000c98 records: 2, size/record: 8, table size: 16
	.data: load addr=00000c70, load size=00000011 bytes, run addr=20000200, run size=0000001b bytes, compression=lzss
	.bss: load addr=00000c90, load size=00000008 bytes, run addr=2000021c, run size=00000004 bytes, compression=zero_init


LINKER GENERATED HANDLER TABLE

__TI_handler_table @ 00000c84 records: 3, size/record: 4, table size: 12
	index: 0, handler: __TI_decompress_lzss
	index: 1, handler: __TI_decompress_none
	index: 2, handler: __TI_zero_init


GLOBAL SYMBOLS: SORTED ALPHABETICALLY BY Name 

address   name                           
-------   ----                           
000007cd  C$$EXIT                        
00000973  CPUcpsie                       
00000649  IntEnable                      
00000947  IntMasterEnable                
0000098b  ResetISR                       
UNDEFED   SHT$$INIT_ARRAY$$Base          
UNDEFED   SHT$$INIT_ARRAY$$Limit         
00000209  SysCtlClockFreqSet             
000008b5  SysCtlPeripheralEnable         
00000409  Timer0IntHandler               
00000719  TimerConfigure                 
00000957  TimerEnable                    
0000099f  TimerIntClear                  
00000997  TimerIntEnable                 
00000935  TimerLoadSet                   
20000200  __STACK_END                    
00000200  __STACK_SIZE                   
20000200  __STACK_TOP                    
00000c98  __TI_CINIT_Base                
00000ca8  __TI_CINIT_Limit               
00000c84  __TI_Handler_Table_Base        
00000c90  __TI_Handler_Table_Limit       
000005d9  __TI_auto_init                 
20000200  __TI_cleanup_ptr               
000006b1  __TI_decompress_lzss           
00000965  __TI_decompress_none           
20000204  __TI_dtors_ptr                 
20000208  __TI_enable_exit_profile_output
ffffffff  __TI_pprof_out_hndl            
ffffffff  __TI_prof_data_size            
ffffffff  __TI_prof_data_start           
00000000  __TI_static_base__             
0000097f  __TI_zero_init                 
0000055d  __aeabi_memclr                 
0000055d  __aeabi_memclr4                
0000055d  __aeabi_memclr8                
000004c1  __aeabi_memcpy                 
000004c1  __aeabi_memcpy4                
000004c1  __aeabi_memcpy8                
0000055f  __aeabi_memset                 
0000055f  __aeabi_memset4                
0000055f  __aeabi_memset8                
ffffffff  __binit__                      
ffffffff  __c_args__                     
000005d7  __mpu_init                     
20000000  __stack                        
00000909  _args_main                     
00000779  _c_int00                       
2000020c  _lock                          
0000092f  _nop                           
00000927  _register_lock                 
00000921  _register_unlock               
000009a7  _system_post_cinit             
000009a3  _system_pre_init               
20000210  _unlock                        
000007d1  abort                          
ffffffff  binit                          
00000821  copy_in                        
000007d9  exit                           
00000000  g_pfnVectors                   
0000045d  main                           
20000214  main_func_sp                   
000004c1  memcpy                         
00000565  memset                         
2000021c  ui32SysClock                   
20000218  ui8Hour                        
20000219  ui8Minutes                     
2000021a  ui8Seconds                     


GLOBAL SYMBOLS: SORTED BY Symbol Address 

address   name                           
-------   ----                           
00000000  __TI_static_base__             
00000000  g_pfnVectors                   
00000200  __STACK_SIZE                   
00000209  SysCtlClockFreqSet             
00000409  Timer0IntHandler               
0000045d  main                           
000004c1  __aeabi_memcpy                 
000004c1  __aeabi_memcpy4                
000004c1  __aeabi_memcpy8                
000004c1  memcpy                         
0000055d  __aeabi_memclr                 
0000055d  __aeabi_memclr4                
0000055d  __aeabi_memclr8                
0000055f  __aeabi_memset                 
0000055f  __aeabi_memset4                
0000055f  __aeabi_memset8                
00000565  memset                         
000005d7  __mpu_init                     
000005d9  __TI_auto_init                 
00000649  IntEnable                      
000006b1  __TI_decompress_lzss           
00000719  TimerConfigure                 
00000779  _c_int00                       
000007cd  C$$EXIT                        
000007d1  abort                          
000007d9  exit                           
00000821  copy_in                        
000008b5  SysCtlPeripheralEnable         
00000909  _args_main                     
00000921  _register_unlock               
00000927  _register_lock                 
0000092f  _nop                           
00000935  TimerLoadSet                   
00000947  IntMasterEnable                
00000957  TimerEnable                    
00000965  __TI_decompress_none           
00000973  CPUcpsie                       
0000097f  __TI_zero_init                 
0000098b  ResetISR                       
00000997  TimerIntEnable                 
0000099f  TimerIntClear                  
000009a3  _system_pre_init               
000009a7  _system_post_cinit             
00000c84  __TI_Handler_Table_Base        
00000c90  __TI_Handler_Table_Limit       
00000c98  __TI_CINIT_Base                
00000ca8  __TI_CINIT_Limit               
20000000  __stack                        
20000200  __STACK_END                    
20000200  __STACK_TOP                    
20000200  __TI_cleanup_ptr               
20000204  __TI_dtors_ptr                 
20000208  __TI_enable_exit_profile_output
2000020c  _lock                          
20000210  _unlock                        
20000214  main_func_sp                   
20000218  ui8Hour                        
20000219  ui8Minutes                     
2000021a  ui8Seconds                     
2000021c  ui32SysClock                   
ffffffff  __TI_pprof_out_hndl            
ffffffff  __TI_prof_data_size            
ffffffff  __TI_prof_data_start           
ffffffff  __binit__                      
ffffffff  __c_args__                     
ffffffff  binit                          
UNDEFED   SHT$$INIT_ARRAY$$Base          
UNDEFED   SHT$$INIT_ARRAY$$Limit         

[68 symbols]
